// Jest Snapshot v1, https://goo.gl/fbAQLP

exports[`should render ExpenseListItem correctly 1`] = `
<div
  className="expense"
>
  <Link
    replace={false}
    to="/edit/1"
  >
    <h3>
      Gum
    </h3>
  </Link>
  <p>
    Amount: 
    50
  </p>
  <p>
    Created at: 
  </p>
  <hr />
</div>
`;
