// Jest Snapshot v1, https://goo.gl/fbAQLP

exports[`should render header component 1`] = `
<header>
  <h1>
    Expensify
  </h1>
  <ul>
    <li>
      <NavLink
        activeClassName="active"
        ariaCurrent="true"
        exact={true}
        to="/"
      >
        Home
      </NavLink>
    </li>
    <li>
      <NavLink
        activeClassName="active"
        ariaCurrent="true"
        to="/create"
      >
        Add Expense
      </NavLink>
    </li>
    <li>
      <NavLink
        activeClassName="active"
        ariaCurrent="true"
        to="/help"
      >
        Help
      </NavLink>
    </li>
    u
  </ul>
</header>
`;
